// Jest Snapshot v1, https://goo.gl/fbAQLP

exports[`Login tests test to match snapshot of component 1`] = `
<div
  className="App"
/>
`;
